Waiting for C5 with callback timestamp and continuous onset analysis... press <enter> to quit.
Input detected. Checking C5 (callback timestamp)... C5: not matched
Audio blocks | total 1599 | captured 62 | samples 7936
Onset | detected 1 | started 1 | ignored while collecting 0
Waiting for input...
Input detected. Checking C5 (callback timestamp)... C5: not matched
Audio blocks | total 3004 | captured 62 | samples 7936
Onset | detected 2 | started 2 | ignored while collecting 0
Waiting for input...
Input detected. Checking C5 (callback timestamp)... C5: matched
Audio blocks | total 3302 | captured 62 | samples 7936
Onset | detected 3 | started 3 | ignored while collecting 0
Waiting for input...
Input detected. Checking C5 (callback timestamp)... C5: matched
Audio blocks | total 3555 | captured 62 | samples 7936
Onset | detected 4 | started 4 | ignored while collecting 0
Waiting for input...
Input detected. Checking C5 (callback timestamp)... C5: matched
Audio blocks | total 3809 | captured 62 | samples 7936
Onset | detected 5 | started 5 | ignored while collecting 0
Waiting for input...
Input detected. Checking C5 (callback timestamp)... C5: matched
Audio blocks | total 4064 | captured 62 | samples 7936
Onset | detected 6 | started 6 | ignored while collecting 0
Waiting for input...
Input detected. Checking C5 (callback timestamp)... C5: matched
Audio blocks | total 4307 | captured 62 | samples 7936
Onset | detected 7 | started 7 | ignored while collecting 0
Waiting for input...
Input detected. Checking C5 (callback timestamp)... C5: not matched
Audio blocks | total 4554 | captured 62 | samples 7936
Onset | detected 8 | started 8 | ignored while collecting 0
Waiting for input...
Input detected. Checking C5 (callback timestamp)... C5: not matched
Audio blocks | total 4787 | captured 62 | samples 7936
Onset | detected 9 | started 9 | ignored while collecting 0
Waiting for input...
Input detected. Checking C5 (callback timestamp)... C5: matched
Audio blocks | total 5032 | captured 62 | samples 7936
Onset | detected 10 | started 10 | ignored while collecting 0
Waiting for input...
Input detected. Checking C5 (callback timestamp)... C5: not matched
Audio blocks | total 5278 | captured 62 | samples 7936
Onset | detected 11 | started 11 | ignored while collecting 0
Waiting for input...
Input detected. Checking C5 (callback timestamp)... C5: matched
Audio blocks | total 5509 | captured 62 | samples 7936
Onset | detected 12 | started 12 | ignored while collecting 0
Waiting for input...
Input detected. Checking C5 (callback timestamp)... C5: not matched
Audio blocks | total 5747 | captured 62 | samples 7936
Onset | detected 13 | started 13 | ignored while collecting 0
Waiting for input...
Input detected. Checking C5 (callback timestamp)... C5: not matched
Audio blocks | total 5975 | captured 62 | samples 7936
Onset | detected 14 | started 14 | ignored while collecting 0
Waiting for input...
Input detected. Checking C5 (callback timestamp)... C5: matched
Audio blocks | total 6199 | captured 62 | samples 7936
Onset | detected 15 | started 15 | ignored while collecting 0
Waiting for input...
Input detected. Checking C5 (callback timestamp)... C5: matched
Audio blocks | total 6429 | captured 62 | samples 7936
Onset | detected 16 | started 16 | ignored while collecting 0
Waiting for input...
Input detected. Checking C5 (callback timestamp)... C5: matched
Audio blocks | total 6670 | captured 62 | samples 7936
Onset | detected 17 | started 17 | ignored while collecting 0
Waiting for input...
Input detected. Checking C5 (callback timestamp)... C5: matched
Audio blocks | total 6893 | captured 62 | samples 7936
Onset | detected 18 | started 18 | ignored while collecting 0
Waiting for input...
Input detected. Checking C5 (callback timestamp)... C5: matched
Audio blocks | total 7108 | captured 62 | samples 7936
Onset | detected 19 | started 19 | ignored while collecting 0
Waiting for input...
Input detected. Checking C5 (callback timestamp)... C5: matched
Audio blocks | total 7327 | captured 62 | samples 7936
Onset | detected 20 | started 20 | ignored while collecting 0
Waiting for input...
Input detected. Checking C5 (callback timestamp)... C5: matched
Audio blocks | total 7536 | captured 62 | samples 7936
Onset | detected 21 | started 21 | ignored while collecting 0
Waiting for input...
Input detected. Checking C5 (callback timestamp)... C5: matched
Audio blocks | total 7748 | captured 62 | samples 7936
Onset | detected 22 | started 22 | ignored while collecting 0
Waiting for input...
Input detected. Checking C5 (callback timestamp)... C5: matched
Audio blocks | total 8147 | captured 62 | samples 7936
Onset | detected 23 | started 23 | ignored while collecting 0
Waiting for input...
Input detected. Checking C5 (callback timestamp)... C5: not matched
Audio blocks | total 8423 | captured 62 | samples 7936
Onset | detected 24 | started 24 | ignored while collecting 0
Waiting for input...
Input detected. Checking C5 (callback timestamp)... C5: matched
Audio blocks | total 8694 | captured 62 | samples 7936
Onset | detected 25 | started 25 | ignored while collecting 0
Waiting for input...
Input detected. Checking C5 (callback timestamp)... C5: matched
Audio blocks | total 9067 | captured 62 | samples 7936
Onset | detected 26 | started 26 | ignored while collecting 0
Waiting for input...
Input detected. Checking C5 (callback timestamp)... C5: matched
Audio blocks | total 9248 | captured 62 | samples 7936
Onset | detected 27 | started 27 | ignored while collecting 0
Waiting for input...
Input detected. Checking C5 (callback timestamp)... C5: matched
Audio blocks | total 9342 | captured 62 | samples 7936
Onset | detected 28 | started 28 | ignored while collecting 0
Waiting for input...
Input detected. Checking C5 (callback timestamp)... C5: matched
Audio blocks | total 9704 | captured 62 | samples 7936
Onset | detected 29 | started 29 | ignored while collecting 0
Waiting for input...
Input detected. Checking C5 (callback timestamp)... C5: matched
Audio blocks | total 9887 | captured 62 | samples 7936
Onset | detected 30 | started 30 | ignored while collecting 0
Waiting for input...
Input detected. Checking C5 (callback timestamp)... C5: matched
Audio blocks | total 9978 | captured 62 | samples 7936
Onset | detected 31 | started 31 | ignored while collecting 0
Waiting for input...
Input detected. Checking C5 (callback timestamp)... C5: not matched
Audio blocks | total 10249 | captured 62 | samples 7936
Onset | detected 32 | started 32 | ignored while collecting 0
Waiting for input...
Input detected. Checking C5 (callback timestamp)... C5: not matched
Audio blocks | total 10423 | captured 62 | samples 7936
Onset | detected 33 | started 33 | ignored while collecting 0
Waiting for input...
Input detected. Checking C5 (callback timestamp)... C5: not matched
Audio blocks | total 10605 | captured 62 | samples 7936
Onset | detected 34 | started 34 | ignored while collecting 0
Waiting for input...
Input detected. Checking C5 (callback timestamp)... C5: matched
Audio blocks | total 10869 | captured 62 | samples 7936
Onset | detected 35 | started 35 | ignored while collecting 0
Waiting for input...
Input detected. Checking C5 (callback timestamp)... C5: matched
Audio blocks | total 11068 | captured 62 | samples 7936
Onset | detected 36 | started 36 | ignored while collecting 0
Waiting for input...
Input detected. Checking C5 (callback timestamp)... C5: not matched
Audio blocks | total 11273 | captured 62 | samples 7936
Onset | detected 37 | started 37 | ignored while collecting 0
Waiting for input...
Input detected. Checking C5 (callback timestamp)... C5: matched
Audio blocks | total 11469 | captured 62 | samples 7936
Onset | detected 38 | started 38 | ignored while collecting 0
Waiting for input...
Input detected. Checking C5 (callback timestamp)... C5: matched
Audio blocks | total 11667 | captured 62 | samples 7936
Onset | detected 39 | started 39 | ignored while collecting 0
Waiting for input...
Input detected. Checking C5 (callback timestamp)... C5: not matched
Audio blocks | total 11863 | captured 62 | samples 7936
Onset | detected 40 | started 40 | ignored while collecting 0
Waiting for input...
Input detected. Checking C5 (callback timestamp)... C5: matched
Audio blocks | total 12055 | captured 61 | samples 7808
Onset | detected 41 | started 41 | ignored while collecting 0
Waiting for input...
Input detected. Checking C5 (callback timestamp)... C5: matched
Audio blocks | total 12453 | captured 61 | samples 7808
Onset | detected 42 | started 42 | ignored while collecting 0
Waiting for input...
Input detected. Checking C5 (callback timestamp)... C5: not matched
Audio blocks | total 12660 | captured 61 | samples 7808
Onset | detected 43 | started 43 | ignored while collecting 0
Waiting for input...
Input detected. Checking C5 (callback timestamp)... C5: not matched
Audio blocks | total 12845 | captured 61 | samples 7808
Onset | detected 44 | started 44 | ignored while collecting 0
Waiting for input...
Input detected. Checking C5 (callback timestamp)... C5: not matched
Audio blocks | total 13037 | captured 61 | samples 7808
Onset | detected 45 | started 45 | ignored while collecting 0
Waiting for input...
Input detected. Checking C5 (callback timestamp)... C5: matched
Audio blocks | total 13228 | captured 61 | samples 7808
Onset | detected 46 | started 46 | ignored while collecting 0
Waiting for input...
Input detected. Checking C5 (callback timestamp)... C5: matched
Audio blocks | total 13607 | captured 61 | samples 7808
Onset | detected 47 | started 47 | ignored while collecting 0
Waiting for input...
Input detected. Checking C5 (callback timestamp)... C5: matched
Audio blocks | total 13796 | captured 61 | samples 7808
Onset | detected 48 | started 48 | ignored while collecting 0
Waiting for input...
Input detected. Checking C5 (callback timestamp)... C5: matched
Audio blocks | total 13980 | captured 61 | samples 7808
Onset | detected 49 | started 49 | ignored while collecting 0
Waiting for input...
Input detected. Checking C5 (callback timestamp)... C5: matched
Audio blocks | total 14161 | captured 61 | samples 7808
Onset | detected 50 | started 50 | ignored while collecting 0
Waiting for input...
Input detected. Checking C5 (callback timestamp)... C5: not matched
Audio blocks | total 14356 | captured 61 | samples 7808
Onset | detected 51 | started 51 | ignored while collecting 0
Waiting for input...
Input detected. Checking C5 (callback timestamp)... C5: not matched
Audio blocks | total 14540 | captured 61 | samples 7808
Onset | detected 52 | started 52 | ignored while collecting 0
Waiting for input...
Input detected. Checking C5 (callback timestamp)... C5: not matched
Audio blocks | total 14727 | captured 61 | samples 7808
Onset | detected 53 | started 53 | ignored while collecting 0
Waiting for input...
Input detected. Checking C5 (callback timestamp)... C5: matched
Audio blocks | total 14915 | captured 61 | samples 7808
Onset | detected 54 | started 54 | ignored while collecting 0
Waiting for input...
Input detected. Checking C5 (callback timestamp)... C5: not matched
Audio blocks | total 15480 | captured 61 | samples 7808
Onset | detected 55 | started 55 | ignored while collecting 0
Waiting for input...
Input detected. Checking C5 (callback timestamp)... C5: not matched
Audio blocks | total 15663 | captured 61 | samples 7808
Onset | detected 56 | started 56 | ignored while collecting 0
Waiting for input...
Input detected. Checking C5 (callback timestamp)... C5: matched
Audio blocks | total 15849 | captured 61 | samples 7808
Onset | detected 57 | started 57 | ignored while collecting 0
Waiting for input...
Input detected. Checking C5 (callback timestamp)... C5: matched
Audio blocks | total 16024 | captured 61 | samples 7808
Onset | detected 58 | started 58 | ignored while collecting 0
Waiting for input...
Input detected. Checking C5 (callback timestamp)... C5: not matched
Audio blocks | total 16685 | captured 61 | samples 7808
Onset | detected 60 | started 59 | ignored while collecting 1
Waiting for input...
Input detected. Checking C5 (callback timestamp)... C5: matched
Audio blocks | total 16910 | captured 61 | samples 7808
Onset | detected 61 | started 60 | ignored while collecting 1
Waiting for input...
Input detected. Checking C5 (callback timestamp)... C5: matched
Audio blocks | total 17091 | captured 61 | samples 7808
Onset | detected 62 | started 61 | ignored while collecting 1
Waiting for input...
Input detected. Checking C5 (callback timestamp)... C5: matched
Audio blocks | total 17272 | captured 61 | samples 7808
Onset | detected 63 | started 62 | ignored while collecting 1
Waiting for input...
Input detected. Checking C5 (callback timestamp)... C5: matched
Audio blocks | total 17459 | captured 61 | samples 7808
Onset | detected 64 | started 63 | ignored while collecting 1
Waiting for input...
Input detected. Checking C5 (callback timestamp)... C5: not matched
Audio blocks | total 17645 | captured 61 | samples 7808
Onset | detected 65 | started 64 | ignored while collecting 1
Waiting for input...
Input detected. Checking C5 (callback timestamp)... C5: matched
Audio blocks | total 17828 | captured 61 | samples 7808
Onset | detected 66 | started 65 | ignored while collecting 1
Waiting for input...
Input detected. Checking C5 (callback timestamp)... C5: not matched
Audio blocks | total 18015 | captured 61 | samples 7808
Onset | detected 67 | started 66 | ignored while collecting 1
Waiting for input...
Input detected. Checking C5 (callback timestamp)... C5: not matched
Audio blocks | total 18203 | captured 61 | samples 7808
Onset | detected 68 | started 67 | ignored while collecting 1
Waiting for input...
Input detected. Checking C5 (callback timestamp)... C5: not matched
Audio blocks | total 18577 | captured 61 | samples 7808
Onset | detected 69 | started 68 | ignored while collecting 1
Waiting for input...
Input detected. Checking C5 (callback timestamp)... C5: not matched
Audio blocks | total 18761 | captured 61 | samples 7808
Onset | detected 70 | started 69 | ignored while collecting 1
Waiting for input...
Input detected. Checking C5 (callback timestamp)... C5: matched
Audio blocks | total 18946 | captured 61 | samples 7808
Onset | detected 71 | started 70 | ignored while collecting 1
Waiting for input...
Input detected. Checking C5 (callback timestamp)... C5: not matched
Audio blocks | total 19309 | captured 61 | samples 7808
Onset | detected 72 | started 71 | ignored while collecting 1
Waiting for input...
Input detected. Checking C5 (callback timestamp)... C5: not matched
Audio blocks | total 19492 | captured 61 | samples 7808
Onset | detected 73 | started 72 | ignored while collecting 1
Waiting for input...
Input detected. Checking C5 (callback timestamp)... C5: not matched
Audio blocks | total 19862 | captured 61 | samples 7808
Onset | detected 74 | started 73 | ignored while collecting 1
Waiting for input...
Input detected. Checking C5 (callback timestamp)... C5: matched
Audio blocks | total 20047 | captured 61 | samples 7808
Onset | detected 75 | started 74 | ignored while collecting 1
Waiting for input...
Input detected. Checking C5 (callback timestamp)... C5: matched
Audio blocks | total 20232 | captured 61 | samples 7808
Onset | detected 76 | started 75 | ignored while collecting 1
Waiting for input...
Input detected. Checking C5 (callback timestamp)... C5: matched
Audio blocks | total 20411 | captured 61 | samples 7808
Onset | detected 77 | started 76 | ignored while collecting 1
Waiting for input...
Input detected. Checking C5 (callback timestamp)... C5: matched
Audio blocks | total 20788 | captured 61 | samples 7808
Onset | detected 78 | started 77 | ignored while collecting 1
Waiting for input...
Input detected. Checking C5 (callback timestamp)... C5: not matched
Audio blocks | total 20968 | captured 61 | samples 7808
Onset | detected 79 | started 78 | ignored while collecting 1
Waiting for input...
Input detected. Checking C5 (callback timestamp)... C5: not matched
Audio blocks | total 21151 | captured 61 | samples 7808
Onset | detected 80 | started 79 | ignored while collecting 1
Waiting for input...
Input detected. Checking C5 (callback timestamp)... C5: not matched
Audio blocks | total 21341 | captured 61 | samples 7808
Onset | detected 81 | started 80 | ignored while collecting 1
Waiting for input...
Input detected. Checking C5 (callback timestamp)... C5: not matched
Audio blocks | total 21706 | captured 61 | samples 7808
Onset | detected 82 | started 81 | ignored while collecting 1
Waiting for input...
Input detected. Checking C5 (callback timestamp)... C5: not matched
Audio blocks | total 21895 | captured 61 | samples 7808
Onset | detected 83 | started 82 | ignored while collecting 1
Waiting for input...
Input detected. Checking C5 (callback timestamp)... C5: not matched
Audio blocks | total 22082 | captured 61 | samples 7808
Onset | detected 84 | started 83 | ignored while collecting 1
Waiting for input...
Input detected. Checking C5 (callback timestamp)... C5: not matched
Audio blocks | total 22271 | captured 61 | samples 7808
Onset | detected 85 | started 84 | ignored while collecting 1
Waiting for input...
Input detected. Checking C5 (callback timestamp)... C5: matched
Audio blocks | total 22650 | captured 61 | samples 7808
Onset | detected 86 | started 85 | ignored while collecting 1
Waiting for input...
Input detected. Checking C5 (callback timestamp)... C5: matched
Audio blocks | total 23029 | captured 61 | samples 7808
Onset | detected 87 | started 86 | ignored while collecting 1
Waiting for input...
Input detected. Checking C5 (callback timestamp)... C5: matched
Audio blocks | total 23209 | captured 61 | samples 7808
Onset | detected 88 | started 87 | ignored while collecting 1
Waiting for input...
Input detected. Checking C5 (callback timestamp)... C5: matched
Audio blocks | total 23402 | captured 61 | samples 7808
Onset | detected 89 | started 88 | ignored while collecting 1
Waiting for input...
Input detected. Checking C5 (callback timestamp)... C5: matched
Audio blocks | total 23582 | captured 61 | samples 7808
Onset | detected 90 | started 89 | ignored while collecting 1
Waiting for input...
Input detected. Checking C5 (callback timestamp)... C5: not matched
Audio blocks | total 23770 | captured 61 | samples 7808
Onset | detected 91 | started 90 | ignored while collecting 1
Waiting for input...
Input detected. Checking C5 (callback timestamp)... C5: matched
Audio blocks | total 24136 | captured 61 | samples 7808
Onset | detected 92 | started 91 | ignored while collecting 1
Waiting for input...
Input detected. Checking C5 (callback timestamp)... C5: matched
Audio blocks | total 24321 | captured 61 | samples 7808
Onset | detected 93 | started 92 | ignored while collecting 1
Waiting for input...
Input detected. Checking C5 (callback timestamp)... C5: not matched
Audio blocks | total 24492 | captured 61 | samples 7808
Onset | detected 94 | started 93 | ignored while collecting 1
Waiting for input...
Input detected. Checking C5 (callback timestamp)... C5: matched
Audio blocks | total 24676 | captured 61 | samples 7808
Onset | detected 95 | started 94 | ignored while collecting 1
Waiting for input...
Input detected. Checking C5 (callback timestamp)... C5: not matched
Audio blocks | total 24870 | captured 61 | samples 7808
Onset | detected 96 | started 95 | ignored while collecting 1
Waiting for input...
Input detected. Checking C5 (callback timestamp)... C5: matched
Audio blocks | total 25049 | captured 61 | samples 7808
Onset | detected 97 | started 96 | ignored while collecting 1
Waiting for input...
Input detected. Checking C5 (callback timestamp)... C5: matched
Audio blocks | total 25417 | captured 61 | samples 7808
Onset | detected 98 | started 97 | ignored while collecting 1
Waiting for input...
Input detected. Checking C5 (callback timestamp)... C5: matched
Audio blocks | total 25592 | captured 61 | samples 7808
Onset | detected 99 | started 98 | ignored while collecting 1
Waiting for input...
Input detected. Checking C5 (callback timestamp)... C5: matched
Audio blocks | total 25771 | captured 61 | samples 7808
Onset | detected 100 | started 99 | ignored while collecting 1
Waiting for input...
Input detected. Checking C5 (callback timestamp)... C5: not matched
Audio blocks | total 25940 | captured 61 | samples 7808
Onset | detected 101 | started 100 | ignored while collecting 1
Waiting for input...
Input detected. Checking C5 (callback timestamp)... C5: not matched
Audio blocks | total 26292 | captured 61 | samples 7808
Onset | detected 102 | started 101 | ignored while collecting 1
Waiting for input...
Input detected. Checking C5 (callback timestamp)... C5: not matched
Audio blocks | total 26473 | captured 61 | samples 7808
Onset | detected 103 | started 102 | ignored while collecting 1
Waiting for input...
Input detected. Checking C5 (callback timestamp)... C5: not matched
Audio blocks | total 26648 | captured 61 | samples 7808
Onset | detected 104 | started 103 | ignored while collecting 1
Waiting for input...
Input detected. Checking C5 (callback timestamp)... C5: matched
Audio blocks | total 26817 | captured 61 | samples 7808
Onset | detected 105 | started 104 | ignored while collecting 1
Waiting for input...
Input detected. Checking C5 (callback timestamp)... C5: not matched
Audio blocks | total 26986 | captured 61 | samples 7808
Onset | detected 106 | started 105 | ignored while collecting 1
Waiting for input...
Input detected. Checking C5 (callback timestamp)... C5: matched
Audio blocks | total 27168 | captured 61 | samples 7808
Onset | detected 107 | started 106 | ignored while collecting 1
Waiting for input...
Input detected. Checking C5 (callback timestamp)... C5: matched
Audio blocks | total 27345 | captured 61 | samples 7808
Onset | detected 108 | started 107 | ignored while collecting 1
Waiting for input...
Input detected. Checking C5 (callback timestamp)... C5: matched
Audio blocks | total 27523 | captured 61 | samples 7808
Onset | detected 109 | started 108 | ignored while collecting 1
Waiting for input...
Input detected. Checking C5 (callback timestamp)... C5: not matched
Audio blocks | total 27696 | captured 61 | samples 7808
Onset | detected 110 | started 109 | ignored while collecting 1
Waiting for input...
Input detected. Checking C5 (callback timestamp)... C5: not matched
Audio blocks | total 27874 | captured 61 | samples 7808
Onset | detected 111 | started 110 | ignored while collecting 1
Waiting for input...
Input detected. Checking C5 (callback timestamp)... C5: matched
Audio blocks | total 28054 | captured 61 | samples 7808
Onset | detected 112 | started 111 | ignored while collecting 1
Waiting for input...
Input detected. Checking C5 (callback timestamp)... C5: not matched
Audio blocks | total 28407 | captured 61 | samples 7808
Onset | detected 113 | started 112 | ignored while collecting 1
Waiting for input...
Input detected. Checking C5 (callback timestamp)... C5: not matched
Audio blocks | total 28945 | captured 61 | samples 7808
Onset | detected 114 | started 113 | ignored while collecting 1
Waiting for input...
Input detected. Checking C5 (callback timestamp)... C5: not matched
Audio blocks | total 29119 | captured 61 | samples 7808
Onset | detected 115 | started 114 | ignored while collecting 1
Waiting for input...
Input detected. Checking C5 (callback timestamp)... C5: matched
Audio blocks | total 29290 | captured 61 | samples 7808
Onset | detected 116 | started 115 | ignored while collecting 1
Waiting for input...
Input detected. Checking C5 (callback timestamp)... C5: matched
Audio blocks | total 29462 | captured 61 | samples 7808
Onset | detected 117 | started 116 | ignored while collecting 1
Waiting for input...
Input detected. Checking C5 (callback timestamp)... C5: matched
Audio blocks | total 29806 | captured 61 | samples 7808
Onset | detected 118 | started 117 | ignored while collecting 1
Waiting for input...
Input detected. Checking C5 (callback timestamp)... C5: matched
Audio blocks | total 29982 | captured 61 | samples 7808
Onset | detected 119 | started 118 | ignored while collecting 1
Waiting for input...
Input detected. Checking C5 (callback timestamp)... C5: matched
Audio blocks | total 30155 | captured 61 | samples 7808
Onset | detected 120 | started 119 | ignored while collecting 1
Waiting for input...
Input detected. Checking C5 (callback timestamp)... C5: not matched
Audio blocks | total 30324 | captured 61 | samples 7808
Onset | detected 121 | started 120 | ignored while collecting 1
Waiting for input...
Input detected. Checking C5 (callback timestamp)... C5: not matched
Audio blocks | total 30492 | captured 61 | samples 7808
Onset | detected 122 | started 121 | ignored while collecting 1
Waiting for input...
Input detected. Checking C5 (callback timestamp)... C5: not matched
Audio blocks | total 30838 | captured 61 | samples 7808
Onset | detected 123 | started 122 | ignored while collecting 1
Waiting for input...
Input detected. Checking C5 (callback timestamp)... C5: not matched
Audio blocks | total 31010 | captured 61 | samples 7808
Onset | detected 124 | started 123 | ignored while collecting 1
Waiting for input...
Input detected. Checking C5 (callback timestamp)... C5: not matched
Audio blocks | total 31285 | captured 61 | samples 7808
Onset | detected 125 | started 124 | ignored while collecting 1
Waiting for input...
Input detected. Checking C5 (callback timestamp)... C5: not matched
Audio blocks | total 32511 | captured 61 | samples 7808
Onset | detected 126 | started 125 | ignored while collecting 1
Waiting for input...