D:\Project\PAK\PAK-nativePlugin>run
Fingering practice: song output disabled
The target stays on screen until it is played correctly.

Target 1/975: Chord G5
Play the target to continue.
Incorrect: G5 - retry the same target
Queue | consumed 1 | dropped 0 | not full
Onset | detected 3 | accepted 2
Chord | pass 0 | fail 1
Incorrect: G5 - retry the same target

Target 2/975: Chord G5
Play the target to continue.
Correct: G5

Target 3/975: Chord G5
Play the target to continue.
Correct: G5
Incorrect: G5 - retry the same target

Target 4/975: Chord G5
Play the target to continue.
Correct: G5
Queue | consumed 6 | dropped 0 | not full
Onset | detected 10 | accepted 7
Chord | pass 3 | fail 3
Incorrect: G5 - retry the same target
Incorrect: G5 - retry the same target
Incorrect: G5 - retry the same target
Incorrect: G5 - retry the same target
Queue | consumed 10 | dropped 0 | not full
Onset | detected 15 | accepted 10
Chord | pass 3 | fail 7

Target 5/975: Chord G5
Play the target to continue.
Correct: G5
Queue | consumed 11 | dropped 0 | not full
Onset | detected 16 | accepted 11
Chord | pass 4 | fail 7

Target 6/975: Chord G5
Play the target to continue.
Correct: G5

Target 7/975: Chord G5
Play the target to continue.
Correct: G5
Queue | consumed 13 | dropped 0 | not full
Onset | detected 18 | accepted 13
Chord | pass 6 | fail 7

Target 8/975: Chord G5
Play the target to continue.
Correct: G5

Target 9/975: Chord G5
Play the target to continue.
Correct: G5
Queue | consumed 15 | dropped 0 | not full
Onset | detected 20 | accepted 15
Chord | pass 8 | fail 7

Target 10/975: Chord G5
Play the target to continue.
Correct: G5
Queue | consumed 16 | dropped 0 | not full
Onset | detected 21 | accepted 16
Chord | pass 9 | fail 7

Target 11/975: Chord G5
Play the target to continue.
Correct: G5

Target 12/975: Chord G5
Play the target to continue.
Correct: G5
Queue | consumed 18 | dropped 0 | not full
Onset | detected 23 | accepted 18
Chord | pass 11 | fail 7

Target 13/975: Chord G5
Play the target to continue.
Correct: G5
Queue | consumed 19 | dropped 0 | not full
Onset | detected 25 | accepted 20
Chord | pass 12 | fail 7

Target 14/975: Chord G5
Play the target to continue.
Correct: G5

Target 15/975: Chord G5
Play the target to continue.
Correct: G5
Queue | consumed 21 | dropped 0 | not full
Onset | detected 26 | accepted 21
Chord | pass 14 | fail 7

Target 16/975: Chord G5
Play the target to continue.
Correct: G5
Incorrect: G5 - retry the same target
Queue | consumed 23 | dropped 0 | not full
Onset | detected 28 | accepted 23
Chord | pass 15 | fail 8
Incorrect: G5 - retry the same target
Queue | consumed 24 | dropped 0 | not full
Onset | detected 30 | accepted 25
Chord | pass 15 | fail 9

Target 17/975: Chord G5
Play the target to continue.
Correct: G5

Target 18/975: Chord G5
Play the target to continue.
Correct: G5
Queue | consumed 26 | dropped 0 | not full
Onset | detected 31 | accepted 26
Chord | pass 17 | fail 9

Target 19/975: Chord G5
Play the target to continue.
Correct: G5

Target 20/975: Chord G5
Play the target to continue.
Correct: G5
Queue | consumed 28 | dropped 0 | not full
Onset | detected 33 | accepted 28
Chord | pass 19 | fail 9
Incorrect: G5 - retry the same target

Target 21/975: Chord G5
Play the target to continue.
Correct: G5
Queue | consumed 30 | dropped 0 | not full
Onset | detected 35 | accepted 30
Chord | pass 20 | fail 10

Target 22/975: Chord G5
Play the target to continue.
Correct: G5

Target 23/975: Chord G5
Play the target to continue.
Correct: G5
Queue | consumed 32 | dropped 0 | not full
Onset | detected 37 | accepted 32
Chord | pass 22 | fail 10

Target 24/975: Chord G5
Play the target to continue.
Correct: G5

Target 25/975: Chord C5
Play the target to continue.
Correct: G5
Incorrect: C5 - retry the same target
Queue | consumed 35 | dropped 0 | not full
Onset | detected 40 | accepted 35
Chord | pass 24 | fail 11
Incorrect: C5 - retry the same target
Queue | consumed 36 | dropped 0 | not full
Onset | detected 41 | accepted 36
Chord | pass 24 | fail 12
Incorrect: C5 - retry the same target
Queue | consumed 37 | dropped 0 | not full
Onset | detected 43 | accepted 37
Chord | pass 24 | fail 13
Incorrect: C5 - retry the same target
Queue | consumed 38 | dropped 0 | not full
Onset | detected 45 | accepted 39
Chord | pass 24 | fail 14
Incorrect: C5 - retry the same target
Queue | consumed 39 | dropped 0 | not full
Onset | detected 46 | accepted 40
Chord | pass 24 | fail 15

Target 26/975: Chord C5
Play the target to continue.
Correct: C5

Target 27/975: Chord C5
Play the target to continue.
Correct: C5
Queue | consumed 41 | dropped 0 | not full
Onset | detected 48 | accepted 42
Chord | pass 26 | fail 15

Target 28/975: Chord C5
Play the target to continue.
Correct: C5
Incorrect: C5 - retry the same target

Target 29/975: Chord C5
Play the target to continue.
Correct: C5
Incorrect: C5 - retry the same target
Queue | consumed 45 | dropped 0 | not full
Onset | detected 51 | accepted 45
Chord | pass 28 | fail 17

Target 30/975: Chord C5
Play the target to continue.
Correct: C5
Queue | consumed 46 | dropped 0 | not full
Onset | detected 52 | accepted 46
Chord | pass 29 | fail 17
Incorrect: C5 - retry the same target

Target 31/975: Chord C5
Play the target to continue.
Correct: C5

Target 32/975: Chord C5
Play the target to continue.
Correct: C5
Incorrect: C5 - retry the same target
Queue | consumed 50 | dropped 0 | not full
Onset | detected 56 | accepted 50
Chord | pass 31 | fail 19
Incorrect: C5 - retry the same target
Queue | consumed 51 | dropped 0 | not full
Onset | detected 57 | accepted 51
Chord | pass 31 | fail 20
Incorrect: C5 - retry the same target
Incorrect: C5 - retry the same target
Incorrect: C5 - retry the same target
Incorrect: C5 - retry the same target
Queue | consumed 55 | dropped 0 | not full
Onset | detected 61 | accepted 55
Chord | pass 31 | fail 24
Incorrect: C5 - retry the same target

Target 33/975: Chord C5
Play the target to continue.
Correct: C5

Target 34/975: Chord C5
Play the target to continue.
Correct: C5
Queue | consumed 58 | dropped 0 | not full
Onset | detected 65 | accepted 59
Chord | pass 33 | fail 25
Incorrect: C5 - retry the same target

Target 35/975: Chord C5
Play the target to continue.
Correct: C5
Queue | consumed 60 | dropped 0 | not full
Onset | detected 66 | accepted 60
Chord | pass 34 | fail 26

Target 36/975: Chord C5
Play the target to continue.
Correct: C5
Incorrect: C5 - retry the same target
Incorrect: C5 - retry the same target
Incorrect: C5 - retry the same target
Queue | consumed 64 | dropped 0 | not full
Onset | detected 70 | accepted 64
Chord | pass 35 | fail 29
Incorrect: C5 - retry the same target
Incorrect: C5 - retry the same target
Incorrect: C5 - retry the same target
Queue | consumed 67 | dropped 0 | not full
Onset | detected 73 | accepted 67
Chord | pass 35 | fail 32
Incorrect: C5 - retry the same target
Incorrect: C5 - retry the same target
Queue | consumed 69 | dropped 0 | not full
Onset | detected 75 | accepted 69
Chord | pass 35 | fail 34
Incorrect: C5 - retry the same target
Queue | consumed 70 | dropped 0 | not full
Onset | detected 76 | accepted 70
Chord | pass 35 | fail 35
Incorrect: C5 - retry the same target
Incorrect: C5 - retry the same target
Queue | consumed 72 | dropped 0 | not full
Onset | detected 78 | accepted 72
Chord | pass 35 | fail 37
Incorrect: C5 - retry the same target
Incorrect: C5 - retry the same target
Incorrect: C5 - retry the same target
Incorrect: C5 - retry the same target
Incorrect: C5 - retry the same target
Queue | consumed 77 | dropped 0 | not full
Onset | detected 83 | accepted 77
Chord | pass 35 | fail 42
Incorrect: C5 - retry the same target
Incorrect: C5 - retry the same target
Incorrect: C5 - retry the same target
Incorrect: C5 - retry the same target
Incorrect: C5 - retry the same target
Queue | consumed 82 | dropped 0 | not full
Onset | detected 88 | accepted 82
Chord | pass 35 | fail 47
Incorrect: C5 - retry the same target
Incorrect: C5 - retry the same target
Incorrect: C5 - retry the same target
Incorrect: C5 - retry the same target
Incorrect: C5 - retry the same target
Incorrect: C5 - retry the same target
Queue | consumed 88 | dropped 0 | not full
Onset | detected 94 | accepted 88
Chord | pass 35 | fail 53
Incorrect: C5 - retry the same target
Incorrect: C5 - retry the same target
Incorrect: C5 - retry the same target
Incorrect: C5 - retry the same target
Incorrect: C5 - retry the same target
Incorrect: C5 - retry the same target
Queue | consumed 94 | dropped 0 | not full
Onset | detected 100 | accepted 94
Chord | pass 35 | fail 59
Incorrect: C5 - retry the same target
Incorrect: C5 - retry the same target
Incorrect: C5 - retry the same target
Incorrect: C5 - retry the same target
Incorrect: C5 - retry the same target
Incorrect: C5 - retry the same target
Queue | consumed 100 | dropped 0 | not full
Onset | detected 106 | accepted 100
Chord | pass 35 | fail 65
Incorrect: C5 - retry the same target
Incorrect: C5 - retry the same target
Incorrect: C5 - retry the same target
Incorrect: C5 - retry the same target
Incorrect: C5 - retry the same target
Incorrect: C5 - retry the same target
Incorrect: C5 - retry the same target
Incorrect: C5 - retry the same target
Queue | consumed 108 | dropped 0 | not full
Onset | detected 114 | accepted 108
Chord | pass 35 | fail 73
Incorrect: C5 - retry the same target
Incorrect: C5 - retry the same target
Incorrect: C5 - retry the same target
Incorrect: C5 - retry the same target
Incorrect: C5 - retry the same target
Incorrect: C5 - retry the same target
Incorrect: C5 - retry the same target
Incorrect: C5 - retry the same target
Incorrect: C5 - retry the same target
Queue | consumed 117 | dropped 0 | not full
Onset | detected 123 | accepted 117
Chord | pass 35 | fail 82
Incorrect: C5 - retry the same target
Incorrect: C5 - retry the same target
Incorrect: C5 - retry the same target
Incorrect: C5 - retry the same target
Incorrect: C5 - retry the same target
Incorrect: C5 - retry the same target
Incorrect: C5 - retry the same target
Incorrect: C5 - retry the same target
Queue | consumed 125 | dropped 0 | not full
Onset | detected 131 | accepted 125
Chord | pass 35 | fail 90
Incorrect: C5 - retry the same target
Incorrect: C5 - retry the same target
Incorrect: C5 - retry the same target
Incorrect: C5 - retry the same target
Incorrect: C5 - retry the same target
Incorrect: C5 - retry the same target
Incorrect: C5 - retry the same target
Incorrect: C5 - retry the same target
Incorrect: C5 - retry the same target
Queue | consumed 134 | dropped 0 | not full
Onset | detected 140 | accepted 134
Chord | pass 35 | fail 99
Incorrect: C5 - retry the same target
Incorrect: C5 - retry the same target
Incorrect: C5 - retry the same target
Incorrect: C5 - retry the same target
Incorrect: C5 - retry the same target
Incorrect: C5 - retry the same target
Incorrect: C5 - retry the same target
Incorrect: C5 - retry the same target
Incorrect: C5 - retry the same target
Queue | consumed 143 | dropped 0 | not full
Onset | detected 149 | accepted 143
Chord | pass 35 | fail 108
Incorrect: C5 - retry the same target
Incorrect: C5 - retry the same target
Incorrect: C5 - retry the same target
Incorrect: C5 - retry the same target
Incorrect: C5 - retry the same target
Incorrect: C5 - retry the same target
Incorrect: C5 - retry the same target
Incorrect: C5 - retry the same target
Incorrect: C5 - retry the same target
Incorrect: C5 - retry the same target
Queue | consumed 153 | dropped 0 | not full
Onset | detected 159 | accepted 153
Chord | pass 35 | fail 118
Incorrect: C5 - retry the same target
Incorrect: C5 - retry the same target
Incorrect: C5 - retry the same target
Queue | consumed 156 | dropped 0 | not full
Onset | detected 162 | accepted 156
Chord | pass 35 | fail 121
